PS C:\Users\muubs> mkdir git_challenge


    ディレクトリ: C:\Users\muubs


Mode                 LastWriteTime         Length Name
----                 -------------         ------ ----
d-----        2025/01/28      9:20                git_challenge


PS C:\Users\muubs> cd git_challenge
PS C:\Users\muubs\git_challenge> git init
Initialized empty Git repository in C:/Users/muubs/git_challenge/.git/
PS C:\Users\muubs\git_challenge> echo "Hello,world" >> hello_world.txt 
PS C:\Users\muubs\git_challenge> git add hello_world.txt
PS C:\Users\muubs\git_challenge> git commit -m "hello_world.txtを追加"
[main (root-commit) 104345e] hello_world.txtを追加
 1 file changed, 0 insertions(+), 0 deletions(-)
 create mode 100644 hello_world.txt
PS C:\Users\muubs\git_challenge> git add hello_world.txt
PS C:\Users\muubs\git_challenge> git commit -m "日本語訳を追加"
[main c4e8b0e] 日本語訳を追加
 1 file changed, 0 insertions(+), 0 deletions(-)
PS C:\Users\muubs\git_challenge> git log --oneline
c4e8b0e (HEAD -> main) 日本語訳を追加
104345e hello_world.txtを追加
PS C:\Users\muubs\git_challenge> 